// Jest Snapshot v1, https://goo.gl/fbAQLP

exports[`<MyComponent /> Component when rendering should render a component matching the snapshot 1`] = `
Array [
  <WithStyles(ListItem)
    key="foo"
  />,
  <WithStyles(ListItem)
    key="bar"
    onClick={[Function]}
  />,
]
`;
