// Jest Snapshot v1, https://goo.gl/fbAQLP

exports[`<RouteManager /> component when rendering should render a component matching the snapshot 1`] = `
<HashRouter>
  <div>
    <WithStyles(CssBaseline) />
    <withRouter(Connect(Navigation)) />
    <WithStyles(Main)>
      <Switch>
        <RouteMiddleware
          authed={true}
          component={[Function]}
          exact={true}
          key="/login"
          path="/login"
          unauthOnly={true}
        />
        <RouteMiddleware
          authed={true}
          component={[Function]}
          exact={true}
          key="/reset-password"
          path="/reset-password"
          unauthOnly={true}
        />
        <RouteMiddleware
          authed={true}
          component={[Function]}
          key="/(home)?"
          path="/(home)?"
        />
        <RouteMiddleware
          authed={true}
          component={[Function]}
          key="404"
        />
      </Switch>
    </WithStyles(Main)>
  </div>
</HashRouter>
`;
